| ConfigInjection.py:19:36:19:45 | ControlFlowNode for user_input | ConfigInjection.py:2:26:2:32 | ControlFlowNode for ImportMember | ConfigInjection.py:19:36:19:45 | ControlFlowNode for user_input |  user-controlled data $@  | ConfigInjection.py:2:26:2:32 | ControlFlowNode for ImportMember |  reaches the configuration parser $@ | ConfigInjection.py:19:36:19:45 | ControlFlowNode for user_input |
| ConfigInjection.py:58:36:58:45 | ControlFlowNode for user_input | ConfigInjection.py:2:26:2:32 | ControlFlowNode for ImportMember | ConfigInjection.py:58:36:58:45 | ControlFlowNode for user_input |  user-controlled data $@  | ConfigInjection.py:2:26:2:32 | ControlFlowNode for ImportMember |  reaches the configuration parser $@ | ConfigInjection.py:58:36:58:45 | ControlFlowNode for user_input |
| ConfigInjection.py:100:24:100:33 | ControlFlowNode for user_input | ConfigInjection.py:2:26:2:32 | ControlFlowNode for ImportMember | ConfigInjection.py:100:24:100:33 | ControlFlowNode for user_input |  user-controlled data $@  | ConfigInjection.py:2:26:2:32 | ControlFlowNode for ImportMember |  reaches the configuration parser $@ | ConfigInjection.py:100:24:100:33 | ControlFlowNode for user_input |
| ConfigInjection.py:150:36:150:45 | ControlFlowNode for user_input | ConfigInjection.py:2:26:2:32 | ControlFlowNode for ImportMember | ConfigInjection.py:150:36:150:45 | ControlFlowNode for user_input |  user-controlled data $@  | ConfigInjection.py:2:26:2:32 | ControlFlowNode for ImportMember |  reaches the configuration parser $@ | ConfigInjection.py:150:36:150:45 | ControlFlowNode for user_input |
